// Jest Snapshot v1, https://goo.gl/fbAQLP

exports[`Should InputSearch to match snapshot 1`] = `
<form
  className="inputSearch__container"
>
  <span
    className="input__container inputSearch__input"
  >
    <label
      className="label"
      htmlFor="search--teste"
    >
      Texto
    </label>
    <span
      className="input"
    >
      <input
        id="search--teste"
        onBlur={[Function]}
        onKeyDown={[Function]}
        onKeyUp={[Function]}
        type="text"
      />
    </span>
  </span>
  <button
    className="button button--inline"
    id="btnSearch--teste"
    onClick={[Function]}
    type="submit"
  >
    <svg
      className="ico lupa "
      fill="none"
      height={24}
      viewBox="0 0 24 24"
      width={24}
      xmlns="http://www.w3.org/2000/svg"
    >
      <circle
        cx="11"
        cy="11"
        fill="transparent"
        id="circle"
        r="6"
        stroke="currentColor"
        strokeWidth="2"
      />
      <path
        d="M15 15L21 21"
        fill=""
        id="path"
        stroke="currentColor"
        strokeWidth="2"
      />
    </svg>
  </button>
</form>
`;
