// Jest Snapshot v1, https://goo.gl/fbAQLP

exports[`Should List to match snapshot 1`] = `
<span
  className="loading  progress--bar"
  id=""
>
  <small>
    carregando...
  </small>
</span>
`;
