// Jest Snapshot v1, https://goo.gl/fbAQLP

exports[`Should Icon to match snapshot 1`] = `
<svg
  className="ico lupa "
  fill="none"
  height={24}
  viewBox="0 0 24 24"
  width={24}
  xmlns="http://www.w3.org/2000/svg"
>
  <circle
    cx="11"
    cy="11"
    fill="transparent"
    id="circle"
    r="6"
    stroke="currentColor"
    strokeWidth="2"
  />
  <path
    d="M15 15L21 21"
    fill=""
    id="path"
    stroke="currentColor"
    strokeWidth="2"
  />
</svg>
`;
